I'm sorry, but errors were detected in your script. Please correct the
errors listed below, and try again.


File "game/script.rpy", line 23: end of line expected.
    show fem at true center
                     ^

Ren'Py Version: Ren'Py 7.4.4.1439
Tue Apr 13 19:56:49 2021
